[playdoge.io/en.html]
[backblue.gif]
[fade.gif]
[index.html]
[playdoge.io/assets/images/svg-icons/token.svg]
[cdn.onesignal.com/sdks/web/v16/OneSignalSDK.page.js]
[playdoge.io/index.html]
[playdoge.io/ChicagoFLF.1e3e78893b2f0eae.ttf]
[playdoge.io/styles.e68f214559a96fa9.css]
[playdoge.io/ar.html]
[playdoge.io/bg.html]
[playdoge.io/zh-hans.html]
[playdoge.io/zh-hant.html]
[playdoge.io/cz.html]
[playdoge.io/nl.html]
[playdoge.io/fi.html]
[playdoge.io/fr.html]
[playdoge.io/de.html]
[playdoge.io/el.html]
[playdoge.io/hu.html]
[playdoge.io/id.html]
[playdoge.io/it.html]
[playdoge.io/jp.html]
[playdoge.io/kr.html]
[playdoge.io/fa.html]
[playdoge.io/pl.html]
[playdoge.io/pt.html]
[playdoge.io/ro.html]
[playdoge.io/ru.html]
[playdoge.io/sk.html]
[playdoge.io/es.html]
[playdoge.io/th.html]
[playdoge.io/tr.html]
[playdoge.io/vn.html]
[playdoge.io/assets/images/svg-icons/logo.svg]
[playdoge.io/en/staking.html]
[playdoge.io/assets/doc/SmartContract_Audit_Solidproof_PlayDoge.pdf]
[playdoge.io/assets/images/svg-icons/x.svg]
[playdoge.io/assets/images/svg-icons/whitepaper.svg]
[playdoge.io/assets/images/svg-icons/logo-icon.svg]
[playdoge.io/assets/images/svg-icons/ETH.svg]
[playdoge.io/assets/images/svg-icons/usdt.svg]
[playdoge.io/assets/images/svg-icons/coincodex.svg]
[playdoge.io/assets/images/svg-icons/cryptonews.svg]
[playdoge.io/assets/images/svg-icons/the-economic.svg]
[playdoge.io/assets/images/svg-icons/fxstreet.svg]
[playdoge.io/assets/images/svg-icons/cryptopolitan.svg]
[playdoge.io/assets/images/svg-icons/bitcoin.svg]
[playdoge.io/assets/images/svg-icons/binance-square.svg]
[playdoge.io/assets/images/svg-icons/tradingview.svg]
[playdoge.io/assets/images/svg-icons/loading-about.svg]
[playdoge.io/assets/images/svg-icons/loading-about-mob.svg]
[playdoge.io/assets/images/svg-icons/about-logo.svg]
[playdoge.io/assets/images/svg-icons/folder.svg]
[playdoge.io/assets/images/svg-icons/about-mobile.svg]
[playdoge.io/assets/images/svg-icons/about-mob.webp]
[playdoge.io/assets/images/svg-icons/roadmap-bar.svg]
[playdoge.io/assets/images/svg-icons/tokenomics.svg]
[playdoge.io/assets/images/svg-icons/tokenomics-dinasaur.svg]
[playdoge.io/assets/images/svg-icons/loading-faq.webp]
[playdoge.io/assets/images/svg-icons/tokenomics-dog.svg]
[playdoge.io/assets/images/svg-icons/logo-footer.svg]
[playdoge.io/assets/doc/terms-of-service.pdf]
[playdoge.io/runtime.906d98483e277148.js]
[playdoge.io/assets/doc/privacy-policy.pdf]
[playdoge.io/polyfills.a30b1b810f05ac77.js]
[playdoge.io/en.html]
[playdoge.io/assets/images/svg-icons/token.svg]
[playdoge.io/index.html]
[www.googletagmanager.com/gtm5445.html]
[playdoge.io/depixelklein.0fc067bffd5f2361.otf]
[playdoge.io/styles.e68f214559a96fa9.css]
[playdoge.io/ar.html]
[playdoge.io/bg.html]
[playdoge.io/zh-hans.html]
[playdoge.io/zh-hant.html]
[playdoge.io/cz.html]
[playdoge.io/nl.html]
[playdoge.io/main.136a1c53ef88d3e5.js]
[playdoge.io/fi.html]
[playdoge.io/fr.html]
[playdoge.io/de.html]
[playdoge.io/el.html]
[playdoge.io/hu.html]
[playdoge.io/id.html]
[playdoge.io/it.html]
[playdoge.io/jp.html]
[playdoge.io/kr.html]
[playdoge.io/fa.html]
[playdoge.io/pl.html]
[playdoge.io/pt.html]
[playdoge.io/ro.html]
[playdoge.io/ru.html]
[playdoge.io/sk.html]
[playdoge.io/es.html]
[playdoge.io/th.html]
[playdoge.io/tr.html]
[playdoge.io/vn.html]
[playdoge.io/assets/images/svg-icons/logo.svg]
[playdoge.io/en/staking.html]
[playdoge.io/assets/images/svg-icons/x.svg]
[playdoge.io/assets/images/svg-icons/telegram.svg]
[playdoge.io/assets/images/flags/en.svg]
[playdoge.io/assets/images/svg-icons/down-arrow.svg]
[playdoge.io/assets/images/svg-icons/whitepaper.svg]
[playdoge.io/assets/images/svg-icons/download.svg]
[playdoge.io/assets/images/svg-icons/logo-icon.svg]
[playdoge.io/assets/images/svg-icons/widget-title.svg]
[playdoge.io/assets/images/svg-icons/info-icon.svg]
[playdoge.io/assets/images/svg-icons/ETH.svg]
[playdoge.io/assets/images/svg-icons/usdt.svg]
[playdoge.io/assets/images/svg-icons/card.svg]
[playdoge.io/assets/images/svg-icons/BNB.svg]
[playdoge.io/assets/images/svg-icons/coincodex.svg]
[playdoge.io/assets/images/svg-icons/cryptonews.svg]
[playdoge.io/assets/images/svg-icons/the-economic.svg]
[playdoge.io/assets/images/svg-icons/fxstreet.svg]
[playdoge.io/assets/images/svg-icons/cryptopolitan.svg]
[playdoge.io/assets/images/svg-icons/bitcoin.svg]
[playdoge.io/assets/images/svg-icons/binance-square.svg]
[playdoge.io/assets/images/svg-icons/tradingview.svg]
[playdoge.io/assets/images/svg-icons/loading-about.svg]
[playdoge.io/assets/images/svg-icons/loading-about-mob.svg]
[playdoge.io/assets/images/svg-icons/about-logo.svg]
[playdoge.io/assets/images/svg-icons/folder.svg]
[playdoge.io/assets/images/svg-icons/about-mobile.svg]
[playdoge.io/assets/images/svg-icons/roadmap-bar.svg]
[playdoge.io/assets/images/svg-icons/tokenomics.svg]
[playdoge.io/assets/images/svg-icons/tokenomics-dinasaur.svg]
[playdoge.io/assets/images/svg-icons/tokenomics-dog.svg]
[playdoge.io/assets/images/svg-icons/left-arrow.svg]
[playdoge.io/assets/images/svg-icons/right-arrow.svg]
[playdoge.io/assets/images/svg-icons/logo-footer.svg]
